// Jest Snapshot v1, https://goo.gl/fbAQLP

exports[`<Header /> renders correctly 1`] = `
<View
  style={
    [
      {
        "display": "flex",
      },
      {
        "justifyContent": "center",
      },
      {
        "alignItems": "center",
      },
      {
        "backgroundColor": "#f3f4f6",
      },
      {
        "height": 64,
      },
      {
        "borderTopWidth": 1,
      },
      {
        "borderBottomColor": "#e5e7eb",
        "borderLeftColor": "#e5e7eb",
        "borderRightColor": "#e5e7eb",
        "borderTopColor": "#e5e7eb",
      },
    ]
  }
>
  <Text
    style={
      [
        {
          "fontSize": 20,
          "lineHeight": 28,
        },
      ]
    }
  >
    Header
  </Text>
</View>
`;
